<!--?xml version="1.1" encoding="iso-8859-1"?-->
<html xmlns="http://www.w3.org/1999/xhtml" xml:lang="da">
 <head>
  <title>kimse.rovfisk.dk/katte/</title>
  <style type="text/css" media="screen">@import url(http://localhost:0000/solrwayback/services/downloadRaw?source_file_path=somesourcefile&offset=5591);</style>
  <meta http-equiv="Content-Type" content="text/html; charset=ISO-8859-1">
  <link rel="stylesheet" href="http://localhost:0000/solrwayback/services/view?source_file_path=somesourcefile&amp;offset=8821" type="text/css" media="screen">
  <link rel="alternate" type="application/rss+xml" title="RSS 2.0" href="http://localhost:0000/solrwayback/services/view?source_file_path=somesourcefile&amp;offset=9807">
 </head>
 <body>
  <style type="text/css" media="screen">@import url(http://localhost:0000/solrwayback/services/downloadRaw?source_file_path=somesourcefile&offset=8253);</style>
  <style type="text/css" media="screen">@import url(http://localhost:0000/solrwayback/services/downloadRaw?source_file_path=somesourcefile&offset=913);</style>
  <style type="text/css" media="screen">@import url(http://localhost:0000/solrwayback/services/downloadRaw?source_file_path=somesourcefile&offset=1130);</style>
  <a class="button" href="http://localhost:0000/solrwayback/services/web/2020043030700/http://example.com/somefolder/test" style="background:url(http://localhost:0000/solrwayback/services/downloadRaw?source_file_path=somesourcefile&amp;offset=5711) no-repeat ; width:90px; margin:0px 0px 0px 16px;">kimse.rovfisk.dk </a>
  <a class="toplink" href="http://localhost:0000/solrwayback/services/web/2020043030700/http://example.com/katte/">katte / </a>
  <br>
  <br>
  <img src="http://localhost:0000/solrwayback/services/downloadRaw?source_file_path=somesourcefile&amp;offset=8704" srcset="http://localhost:0000/solrwayback/services/downloadRaw?source_file_path=somesourcefile&amp;offset=1414 477w, http://localhost:0000/solrwayback/services/downloadRaw?source_file_path=somesourcefile&amp;offset=8029 150w, http://localhost:0000/solrwayback/services/downloadRaw?source_file_path=somesourcefile&amp;offset=1673 298w" sizes="(max-width: 235px) 100vw, 235px">
  <table cellspacing="8">
   <tbody>
    <tr>
     <td></td>
     <td class="itemw"><a href="http://localhost:0000/solrwayback/services/web/2020043030700/http://example.com/katte/?browse=DSC00175.JPG"><img class="lo" src="http://localhost:0000/solrwayback/services/downloadRaw?source_file_path=somesourcefile&amp;offset=8174"></a></td>
     <td></td>
     <td class="itemw"><a href="http://localhost:0000/solrwayback/services/web/2020043030700/http://example.com/katte/?browse=DSC00209.JPG"><img class="lo" src="http://localhost:0000/solrwayback/services/downloadRaw?source_file_path=somesourcefile&amp;offset=9662"></a></td>
    </tr>
   </tbody>
  </table>
  <br>  "
 </body>
</html>