<html lang="en">
 <head>
  <title>Some page with JavaScript</title>
 </head>
 <body>
  <h1>Modified from a specific page in the Danish net Archive</h1>
  <script>
 var foo = "\u003Chello&gt;";
 var bar = "\u003chello&gt;";
 var zoo = "\u003Chello&gt;world\u003C/hello&gt;";
 var foo2 = '\u003Chello&gt;';
 var bar2 = '\u003chello&gt;';
 var zoo2 = '\u003Chello&gt;world\u003C/hello&gt;';
 var slash = "\/";
 if (a \u003C b);
 if (a \u003c b);
 console.log("&aelig;blegr&oelig;d"); // Outputs verbatim (with ampersands and all)
</script>
 </body>
</html>