<html lang="en">
 <head>
  <title>Some page with JavaScript</title>
 </head>
 <body>
  <h1>To support a not-to-be-named large social media site and video playback</h1>
  <script type="application/json" id="foo1">{"uri":"http:\/\/localhost:0000\/solrwayback\/services\/downloadRaw?source_file_path=somesourcefile&amp;offset=0"}</script>
  <!-- Note that forward slashes are escaped.This is legal and an easy way to avoid accidentally writing </ -->
  <script>
 someFunction([[{
 "profile_picture":{"uri":"http:\/\/localhost:0000\/solrwayback\/services\/downloadRaw?source_file_path=somesourcefile&amp;offset=1","width":40,"height":40,"scale":1},
 "playable_url_dash":"http:\/\/localhost:0000\/solrwayback\/services\/downloadRaw?source_file_path=somesourcefile&amp;offset=2",
 "video": "\u003CBaseURL&gt;http:\/\/localhost:0000\/solrwayback\/services\/downloadRaw?source_file_path=somesourcefile&amp;offset=3\u003C\/BaseURL&gt;",
 "playable_url":"http:\/\/localhost:0000\/solrwayback\/services\/downloadRaw?source_file_path=somesourcefile&amp;offset=4",
 "playable_url_quality_hd":"http:\/\/localhost:0000\/solrwayback\/services\/downloadRaw?source_file_path=somesourcefile&amp;offset=5",
 "url":"http:\/\/localhost:0000\/solrwayback\/services\/downloadRaw?source_file_path=somesourcefile&amp;offset=6"
 }]]);
</script>
 </body>
</html>