<html lang="en">
 <head>
  <title>Some page with JavaScript</title>
 </head>
 <body>
  <h1>Modified from a specific page in the Danish net Archive</h1>
  <script>
 var now = new Date();
 var nautid = now.getTime();
 document.write('\u003Ca href="http:\/\/localhost:0000\/solrwayback\/services\/downloadRaw?source_file_path=somesourcefile&amp;offset=1" target="_top">u003Cimg src="http:\/\/localhost:0000\/solrwayback\/services\/downloadRaw?source_file_path=somesourcefile&amp;offset=2' + nautid + '" width=140 height=60 border=0 alt="Some ALT text for the image">u003C/a>');
</script>
 </body>
</html>
